Archive member included to satisfy reference by file (symbol)

/usr/lib/gcc/arm-none-eabi/9.3.0/thumb/v7e-m/nofp/libgcc.a(_arm_muldf3.o)
                              hpl/sercom/hpl_sercom.o (__aeabi_dmul)
/usr/lib/gcc/arm-none-eabi/9.3.0/thumb/v7e-m/nofp/libgcc.a(_arm_addsubdf3.o)
                              hpl/sercom/hpl_sercom.o (__aeabi_dsub)
/usr/lib/gcc/arm-none-eabi/9.3.0/thumb/v7e-m/nofp/libgcc.a(_arm_muldivdf3.o)
                              hpl/sercom/hpl_sercom.o (__aeabi_ddiv)
/usr/lib/gcc/arm-none-eabi/9.3.0/thumb/v7e-m/nofp/libgcc.a(_arm_fixunsdfsi.o)
                              hpl/sercom/hpl_sercom.o (__aeabi_d2uiz)
/usr/lib/gcc/arm-none-eabi/9.3.0/thumb/v7e-m/nofp/libgcc.a(_aeabi_ldivmod.o)
                              hpl/sercom/hpl_sercom.o (__aeabi_ldivmod)
/usr/lib/gcc/arm-none-eabi/9.3.0/thumb/v7e-m/nofp/libgcc.a(_aeabi_uldivmod.o)
                              hpl/sercom/hpl_sercom.o (__aeabi_uldivmod)
/usr/lib/gcc/arm-none-eabi/9.3.0/thumb/v7e-m/nofp/libgcc.a(_udivmoddi4.o)
                              /usr/lib/gcc/arm-none-eabi/9.3.0/thumb/v7e-m/nofp/libgcc.a(_aeabi_ldivmod.o) (__udivmoddi4)
/usr/lib/gcc/arm-none-eabi/9.3.0/thumb/v7e-m/nofp/libgcc.a(_dvmd_tls.o)
                              /usr/lib/gcc/arm-none-eabi/9.3.0/thumb/v7e-m/nofp/libgcc.a(_aeabi_ldivmod.o) (__aeabi_ldiv0)
/usr/lib/gcc/arm-none-eabi/9.3.0/../../../../arm-none-eabi/lib/thumb/v7e-m/nofp/libc_nano.a(lib_a-atexit.o)
                              /usr/lib/gcc/arm-none-eabi/9.3.0/../../../../arm-none-eabi/lib/thumb/v7e-m/nofp/crt0.o (atexit)
/usr/lib/gcc/arm-none-eabi/9.3.0/../../../../arm-none-eabi/lib/thumb/v7e-m/nofp/libc_nano.a(lib_a-exit.o)
                              /usr/lib/gcc/arm-none-eabi/9.3.0/../../../../arm-none-eabi/lib/thumb/v7e-m/nofp/crt0.o (exit)
/usr/lib/gcc/arm-none-eabi/9.3.0/../../../../arm-none-eabi/lib/thumb/v7e-m/nofp/libc_nano.a(lib_a-fini.o)
                              /usr/lib/gcc/arm-none-eabi/9.3.0/../../../../arm-none-eabi/lib/thumb/v7e-m/nofp/crt0.o (__libc_fini_array)
/usr/lib/gcc/arm-none-eabi/9.3.0/../../../../arm-none-eabi/lib/thumb/v7e-m/nofp/libc_nano.a(lib_a-impure.o)
                              /usr/lib/gcc/arm-none-eabi/9.3.0/../../../../arm-none-eabi/lib/thumb/v7e-m/nofp/libc_nano.a(lib_a-exit.o) (_global_impure_ptr)
/usr/lib/gcc/arm-none-eabi/9.3.0/../../../../arm-none-eabi/lib/thumb/v7e-m/nofp/libc_nano.a(lib_a-init.o)
                              /usr/lib/gcc/arm-none-eabi/9.3.0/../../../../arm-none-eabi/lib/thumb/v7e-m/nofp/crt0.o (__libc_init_array)
/usr/lib/gcc/arm-none-eabi/9.3.0/../../../../arm-none-eabi/lib/thumb/v7e-m/nofp/libc_nano.a(lib_a-memset.o)
                              /usr/lib/gcc/arm-none-eabi/9.3.0/../../../../arm-none-eabi/lib/thumb/v7e-m/nofp/crt0.o (memset)
/usr/lib/gcc/arm-none-eabi/9.3.0/../../../../arm-none-eabi/lib/thumb/v7e-m/nofp/libc_nano.a(lib_a-printf.o)
                              hal/utils/src/utils_syscalls.o (printf)
/usr/lib/gcc/arm-none-eabi/9.3.0/../../../../arm-none-eabi/lib/thumb/v7e-m/nofp/libc_nano.a(lib_a-__atexit.o)
                              /usr/lib/gcc/arm-none-eabi/9.3.0/../../../../arm-none-eabi/lib/thumb/v7e-m/nofp/libc_nano.a(lib_a-atexit.o) (__register_exitproc)
/usr/lib/gcc/arm-none-eabi/9.3.0/../../../../arm-none-eabi/lib/thumb/v7e-m/nofp/libc_nano.a(lib_a-__call_atexit.o)
                              /usr/lib/gcc/arm-none-eabi/9.3.0/../../../../arm-none-eabi/lib/thumb/v7e-m/nofp/libc_nano.a(lib_a-__atexit.o) (__call_exitprocs)
/usr/lib/gcc/arm-none-eabi/9.3.0/../../../../arm-none-eabi/lib/thumb/v7e-m/nofp/libc_nano.a(lib_a-findfp.o)
                              /usr/lib/gcc/arm-none-eabi/9.3.0/../../../../arm-none-eabi/lib/thumb/v7e-m/nofp/libc_nano.a(lib_a-printf.o) (__sinit)
/usr/lib/gcc/arm-none-eabi/9.3.0/../../../../arm-none-eabi/lib/thumb/v7e-m/nofp/libc_nano.a(lib_a-fwalk.o)
                              /usr/lib/gcc/arm-none-eabi/9.3.0/../../../../arm-none-eabi/lib/thumb/v7e-m/nofp/libc_nano.a(lib_a-findfp.o) (_fwalk)
/usr/lib/gcc/arm-none-eabi/9.3.0/../../../../arm-none-eabi/lib/thumb/v7e-m/nofp/libc_nano.a(lib_a-lock.o)
                              /usr/lib/gcc/arm-none-eabi/9.3.0/../../../../arm-none-eabi/lib/thumb/v7e-m/nofp/libc_nano.a(lib_a-findfp.o) (__retarget_lock_init_recursive)
/usr/lib/gcc/arm-none-eabi/9.3.0/../../../../arm-none-eabi/lib/thumb/v7e-m/nofp/libc_nano.a(lib_a-nano-mallocr.o)
                              /usr/lib/gcc/arm-none-eabi/9.3.0/../../../../arm-none-eabi/lib/thumb/v7e-m/nofp/libc_nano.a(lib_a-findfp.o) (_malloc_r)
/usr/lib/gcc/arm-none-eabi/9.3.0/../../../../arm-none-eabi/lib/thumb/v7e-m/nofp/libc_nano.a(lib_a-nano-vfprintf.o)
                              /usr/lib/gcc/arm-none-eabi/9.3.0/../../../../arm-none-eabi/lib/thumb/v7e-m/nofp/libc_nano.a(lib_a-printf.o) (_vfprintf_r)
/usr/lib/gcc/arm-none-eabi/9.3.0/../../../../arm-none-eabi/lib/thumb/v7e-m/nofp/libc_nano.a(lib_a-sbrkr.o)
[...]
Memory Configuration

Name             Origin             Length             Attributes
rom              0x0000000000000000 0x0000000000100000 xr
ram              0x0000000020000000 0x0000000000040000 xrw
bkupram          0x0000000047000000 0x0000000000002000 xrw
qspi             0x0000000004000000 0x0000000001000000 xrw
*default*        0x0000000000000000 0xffffffffffffffff

Linker script and memory map

LOAD /usr/lib/gcc/arm-none-eabi/9.3.0/thumb/v7e-m/nofp/crti.o
LOAD /usr/lib/gcc/arm-none-eabi/9.3.0/thumb/v7e-m/nofp/crtbegin.o
LOAD /usr/lib/gcc/arm-none-eabi/9.3.0/../../../../arm-none-eabi/lib/thumb/v7e-m/nofp/crt0.o
LOAD hal/src/hal_io.o
LOAD hpl/eic/hpl_eic.o
LOAD hpl/core/hpl_core_m4.o
LOAD hal/utils/src/utils_syscalls.o
LOAD hal/src/hal_timer.o
LOAD gcc/system_same54.o
LOAD hal/src/hal_i2c_m_sync.o
LOAD hal/src/hal_delay.o
LOAD hpl/pm/hpl_pm.o
LOAD hpl/core/hpl_init.o
LOAD hpl/ramecc/hpl_ramecc.o
LOAD hal/utils/src/utils_list.o
LOAD hal/utils/src/utils_assert.o
LOAD hpl/dmac/hpl_dmac.o
LOAD hpl/oscctrl/hpl_oscctrl.o
LOAD hpl/mclk/hpl_mclk.o
LOAD hpl/sercom/hpl_sercom.o
LOAD hpl/gclk/hpl_gclk.o
LOAD hal/src/hal_init.o
LOAD gcc/gcc/startup_same54.o
LOAD main.o
LOAD hpl/osc32kctrl/hpl_osc32kctrl.o
LOAD examples/driver_examples.o
LOAD driver_init.o
LOAD hal/src/hal_usart_async.o
LOAD hal/src/hal_ext_irq.o
LOAD hal/utils/src/utils_ringbuffer.o
LOAD hal/src/hal_gpio.o
LOAD hal/utils/src/utils_event.o
LOAD hal/src/hal_sleep.o
LOAD hal/src/hal_cache.o
LOAD hpl/cmcc/hpl_cmcc.o
LOAD atmel_start.o
LOAD hpl/tc/hpl_tc.o
LOAD hal/src/hal_atomic.o
START GROUP
LOAD /usr/lib/gcc/arm-none-eabi/9.3.0/../../../../arm-none-eabi/lib/thumb/v7e-m/nofp/libm.a
END GROUP
START GROUP
LOAD /usr/lib/gcc/arm-none-eabi/9.3.0/thumb/v7e-m/nofp/libgcc.a
LOAD /usr/lib/gcc/arm-none-eabi/9.3.0/../../../../arm-none-eabi/lib/thumb/v7e-m/nofp/libc_nano.a
END GROUP
START GROUP
LOAD /usr/lib/gcc/arm-none-eabi/9.3.0/thumb/v7e-m/nofp/libgcc.a
LOAD /usr/lib/gcc/arm-none-eabi/9.3.0/../../../../arm-none-eabi/lib/thumb/v7e-m/nofp/libc_nano.a
END GROUP
LOAD /usr/lib/gcc/arm-none-eabi/9.3.0/thumb/v7e-m/nofp/crtend.o
LOAD /usr/lib/gcc/arm-none-eabi/9.3.0/thumb/v7e-m/nofp/crtn.o
                0x0000000000010000                STACK_SIZE = DEFINED (STACK_SIZE)?STACK_SIZE:DEFINED (__stack_size__)?__stack_size__:0x10000

.text           0x0000000000000000     0x155c
                0x0000000000000000                . = ALIGN (0x4)
                0x0000000000000000                _sfixed = .
 *(.vectors .vectors.*)
 .vectors       0x0000000000000000      0x264 gcc/gcc/startup_same54.o
                0x0000000000000000                exception_table
 *(.text .text.* .gnu.linkonce.t.*)
 .text.__do_global_dtors_aux
                0x0000000000000264       0x24 /usr/lib/gcc/arm-none-eabi/9.3.0/thumb/v7e-m/nofp/crtbegin.o
 .text.frame_dummy
                0x0000000000000288       0x1c /usr/lib/gcc/arm-none-eabi/9.3.0/thumb/v7e-m/nofp/crtbegin.o
 .text.hri_eic_wait_for_sync.constprop.0
                0x00000000000002a4       0x10 hpl/eic/hpl_eic.o
 .text._ext_irq_init
                0x00000000000002b4       0x6c hpl/eic/hpl_eic.o
                0x00000000000002b4                _ext_irq_init
 .text.timer_add_timer_task
                0x0000000000000320       0x4c hal/src/hal_timer.o
 .text.timer_process_counted
                0x000000000000036c       0x68 hal/src/hal_timer.o
 .text.timer_init
                0x00000000000003d4       0x38 hal/src/hal_timer.o
                0x00000000000003d4                timer_init
 .text.i2c_m_sync_write
                0x000000000000040c       0x2c hal/src/hal_i2c_m_sync.o
 .text.i2c_m_sync_read
                0x0000000000000438       0x2c hal/src/hal_i2c_m_sync.o
 .text.i2c_m_sync_init
                0x0000000000000464       0x3c hal/src/hal_i2c_m_sync.o
                0x0000000000000464                i2c_m_sync_init
 .text._init_chip
                0x00000000000004a0       0x44 hpl/core/hpl_init.o
                0x00000000000004a0                _init_chip
 .text.RAMECC_Handler
                0x00000000000004e4       0x38 hpl/ramecc/hpl_ramecc.o
                0x00000000000004e4                RAMECC_Handler
 .text.is_list_element
                0x000000000000051c        0xe hal/utils/src/utils_list.o
                0x000000000000051c                is_list_element
 *fill*         0x000000000000052a        0x2 
 .text.list_insert_as_head
                0x000000000000052c       0x2c hal/utils/src/utils_list.o
                0x000000000000052c                list_insert_as_head
 .text.list_insert_after
                0x0000000000000558        0x8 hal/utils/src/utils_list.o
                0x0000000000000558                list_insert_after
 .text.list_remove_head
                0x0000000000000560        0xc hal/utils/src/utils_list.o
                0x0000000000000560                list_remove_head
 .text.assert   0x000000000000056c        0x6 hal/utils/src/utils_assert.o
                0x000000000000056c                assert
 .text._oscctrl_init_sources
                0x0000000000000572        0x2 hpl/oscctrl/hpl_oscctrl.o
                0x0000000000000572                _oscctrl_init_sources
 .text._oscctrl_init_referenced_generators
                0x0000000000000574       0x3c hpl/oscctrl/hpl_oscctrl.o
                0x0000000000000574                _oscctrl_init_referenced_generators
 .text._mclk_init
                0x00000000000005b0        0xc hpl/mclk/hpl_mclk.o
                0x00000000000005b0                _mclk_init
 .text.hri_sercomi2cm_wait_for_sync
                0x00000000000005bc        0x8 hpl/sercom/hpl_sercom.o
 .text.hri_sercomusart_wait_for_sync
                0x00000000000005c4        0x8 hpl/sercom/hpl_sercom.o
 .text.hri_sercomi2cm_clear_CTRLA_ENABLE_bit
                0x00000000000005cc       0x14 hpl/sercom/hpl_sercom.o
 .text.hri_sercomusart_clear_CTRLA_ENABLE_bit
                0x00000000000005e0       0x14 hpl/sercom/hpl_sercom.o
 .text._sercom_get_hardware_index
                0x00000000000005f4       0x38 hpl/sercom/hpl_sercom.o
 .text._sercom_get_irq_num
                0x000000000000062c       0x14 hpl/sercom/hpl_sercom.o
 .text.__NVIC_EnableIRQ
                0x0000000000000640       0x18 hpl/sercom/hpl_sercom.o
 .text.__NVIC_DisableIRQ
                0x0000000000000658       0x24 hpl/sercom/hpl_sercom.o
 .text.__NVIC_ClearPendingIRQ
                0x000000000000067c       0x1c hpl/sercom/hpl_sercom.o
 .text._get_i2cm_index
                0x0000000000000698       0x2c hpl/sercom/hpl_sercom.o
 .text._sercom_i2c_send_stop
                0x00000000000006c4       0x14 hpl/sercom/hpl_sercom.o
 .text._sercom_i2c_sync_analyse_flags
                0x00000000000006d8      0x16c hpl/sercom/hpl_sercom.o
 .text._i2c_m_sync_init_impl
                0x0000000000000844       0xa0 hpl/sercom/hpl_sercom.o
 .text._usart_init
                0x00000000000008e4       0x88 hpl/sercom/hpl_sercom.o
 .text._usart_async_init
                0x000000000000096c       0x84 hpl/sercom/hpl_sercom.o
                0x000000000000096c                _usart_async_init
 .text._usart_async_write_byte
                0x00000000000009f0        0x6 hpl/sercom/hpl_sercom.o
                0x00000000000009f0                _usart_async_write_byte
 .text._usart_async_enable_byte_sent_irq
                0x00000000000009f6        0x8 hpl/sercom/hpl_sercom.o
                0x00000000000009f6                _usart_async_enable_byte_sent_irq
 .text._usart_async_enable_tx_done_irq
                0x00000000000009fe        0x8 hpl/sercom/hpl_sercom.o
                0x00000000000009fe                _usart_async_enable_tx_done_irq
 *fill*         0x0000000000000a06        0x2 
 .text._i2c_m_sync_init
                0x0000000000000a08       0x30 hpl/sercom/hpl_sercom.o
                0x0000000000000a08                _i2c_m_sync_init
 .text._i2c_m_sync_transfer
                0x0000000000000a38      0x170 hpl/sercom/hpl_sercom.o
                0x0000000000000a38                _i2c_m_sync_transfer
 .text.SERCOM2_0_Handler
                0x0000000000000ba8       0x6c hpl/sercom/hpl_sercom.o
                0x0000000000000ba8                SERCOM2_0_Handler
 .text.SERCOM2_1_Handler
                0x0000000000000c14        0x8 hpl/sercom/hpl_sercom.o
                0x0000000000000c14                SERCOM2_1_Handler
 .text.SERCOM2_2_Handler
                0x0000000000000c1c        0x8 hpl/sercom/hpl_sercom.o
                0x0000000000000c1c                SERCOM2_2_Handler
 .text.SERCOM2_3_Handler
                0x0000000000000c24        0x8 hpl/sercom/hpl_sercom.o
                0x0000000000000c24                SERCOM2_3_Handler
 .text._gclk_init_generators_by_fref
                0x0000000000000c2c       0x20 hpl/gclk/hpl_gclk.o
                0x0000000000000c2c                _gclk_init_generators_by_fref
 .text.Dummy_Handler
                0x0000000000000c4c        0x2 gcc/gcc/startup_same54.o
                0x0000000000000c4c                EIC_5_Handler
                0x0000000000000c4c                SVCall_Handler
                0x0000000000000c4c                SERCOM0_2_Handler
                0x0000000000000c4c                EIC_13_Handler
                0x0000000000000c4c                EVSYS_0_Handler
                0x0000000000000c4c                TCC1_3_Handler
                0x0000000000000c4c                DAC_3_Handler
                0x0000000000000c4c                TRNG_Handler
                0x0000000000000c4c                HardFault_Handler
                0x0000000000000c4c                TC2_Handler
                0x0000000000000c4c                PDEC_2_Handler
                0x0000000000000c4c                EIC_4_Handler
                0x0000000000000c4c                AC_Handler
                0x0000000000000c4c                SERCOM3_1_Handler
                0x0000000000000c4c                SysTick_Handler
                0x0000000000000c4c                TCC2_3_Handler
                0x0000000000000c4c                SERCOM3_2_Handler
                0x0000000000000c4c                PendSV_Handler
                0x0000000000000c4c                TC7_Handler
                0x0000000000000c4c                ADC1_1_Handler
                0x0000000000000c4c                EVSYS_3_Handler
                0x0000000000000c4c                PDEC_0_Handler
                0x0000000000000c4c                QSPI_Handler
                0x0000000000000c4c                NonMaskableInt_Handler
                0x0000000000000c4c                TCC0_0_Handler
                0x0000000000000c4c                EIC_3_Handler
                0x0000000000000c4c                MemManagement_Handler
                0x0000000000000c4c                DAC_2_Handler
                0x0000000000000c4c                SERCOM0_0_Handler
                0x0000000000000c4c                RTC_Handler
                0x0000000000000c4c                UsageFault_Handler
                0x0000000000000c4c                SERCOM4_0_Handler
                0x0000000000000c4c                EIC_10_Handler
                0x0000000000000c4c                SERCOM0_3_Handler
                0x0000000000000c4c                EIC_11_Handler
                0x0000000000000c4c                EIC_9_Handler
                0x0000000000000c4c                OSC32KCTRL_Handler
                0x0000000000000c4c                TCC2_1_Handler
                0x0000000000000c4c                SUPC_1_Handler
                0x0000000000000c4c                TCC0_5_Handler
                0x0000000000000c4c                TCC0_6_Handler
                0x0000000000000c4c                SERCOM6_2_Handler
                0x0000000000000c4c                EVSYS_1_Handler
                0x0000000000000c4c                TCC1_4_Handler
                0x0000000000000c4c                TC6_Handler
                0x0000000000000c4c                DMAC_0_Handler
                0x0000000000000c4c                WDT_Handler
                0x0000000000000c4c                CAN0_Handler
                0x0000000000000c4c                EIC_8_Handler
                0x0000000000000c4c                EIC_15_Handler
                0x0000000000000c4c                SERCOM6_0_Handler
                0x0000000000000c4c                SERCOM5_0_Handler
                0x0000000000000c4c                TC4_Handler
                0x0000000000000c4c                TC1_Handler
                0x0000000000000c4c                OSCCTRL_4_Handler
                0x0000000000000c4c                SERCOM4_3_Handler
                0x0000000000000c4c                EIC_12_Handler
                0x0000000000000c4c                DMAC_4_Handler
                0x0000000000000c4c                TCC4_2_Handler
                0x0000000000000c4c                PAC_Handler
                0x0000000000000c4c                TCC1_0_Handler
                0x0000000000000c4c                USB_0_Handler
                0x0000000000000c4c                OSCCTRL_0_Handler
                0x0000000000000c4c                EIC_0_Handler
                0x0000000000000c4c                OSCCTRL_3_Handler
                0x0000000000000c4c                SERCOM4_1_Handler
                0x0000000000000c4c                TC3_Handler
                0x0000000000000c4c                Dummy_Handler
                0x0000000000000c4c                TCC3_0_Handler
                0x0000000000000c4c                TCC2_2_Handler
                0x0000000000000c4c                SERCOM5_1_Handler
                0x0000000000000c4c                TCC1_1_Handler
                0x0000000000000c4c                DMAC_2_Handler
                0x0000000000000c4c                ADC0_0_Handler
                0x0000000000000c4c                SERCOM0_1_Handler
                0x0000000000000c4c                OSCCTRL_2_Handler
                0x0000000000000c4c                ADC1_0_Handler
                0x0000000000000c4c                TCC1_2_Handler
                0x0000000000000c4c                SERCOM7_1_Handler
                0x0000000000000c4c                USB_1_Handler
                0x0000000000000c4c                PM_Handler
                0x0000000000000c4c                SERCOM6_3_Handler
                0x0000000000000c4c                DAC_4_Handler
                0x0000000000000c4c                TCC3_2_Handler
                0x0000000000000c4c                SERCOM7_0_Handler
                0x0000000000000c4c                TCC0_2_Handler
                0x0000000000000c4c                DMAC_1_Handler
                0x0000000000000c4c                TCC4_0_Handler
                0x0000000000000c4c                SERCOM7_3_Handler
                0x0000000000000c4c                GMAC_Handler
                0x0000000000000c4c                SDHC1_Handler
                0x0000000000000c4c                USB_3_Handler
                0x0000000000000c4c                SERCOM7_2_Handler
                0x0000000000000c4c                CAN1_Handler
                0x0000000000000c4c                TCC2_0_Handler
                0x0000000000000c4c                PDEC_1_Handler
                0x0000000000000c4c                TCC4_1_Handler
                0x0000000000000c4c                SERCOM5_3_Handler
                0x0000000000000c4c                USB_2_Handler
                0x0000000000000c4c                SERCOM6_1_Handler
                0x0000000000000c4c                SDHC0_Handler
                0x0000000000000c4c                SERCOM1_1_Handler
                0x0000000000000c4c                I2S_Handler
                0x0000000000000c4c                EIC_2_Handler
                0x0000000000000c4c                PCC_Handler
                0x0000000000000c4c                DAC_0_Handler
                0x0000000000000c4c                TCC0_1_Handler
                0x0000000000000c4c                SERCOM1_3_Handler
                0x0000000000000c4c                EIC_6_Handler
                0x0000000000000c4c                OSCCTRL_1_Handler
                0x0000000000000c4c                SERCOM1_0_Handler
                0x0000000000000c4c                PUKCC_Handler
                0x0000000000000c4c                SERCOM1_2_Handler
                0x0000000000000c4c                SERCOM3_0_Handler
                0x0000000000000c4c                EIC_1_Handler
                0x0000000000000c4c                SERCOM4_2_Handler
                0x0000000000000c4c                EVSYS_4_Handler
                0x0000000000000c4c                EIC_7_Handler
                0x0000000000000c4c                NVMCTRL_1_Handler
                0x0000000000000c4c                SERCOM5_2_Handler
                0x0000000000000c4c                SERCOM3_3_Handler
                0x0000000000000c4c                ADC0_1_Handler
                0x0000000000000c4c                TCC3_1_Handler
                0x0000000000000c4c                EIC_14_Handler
                0x0000000000000c4c                DAC_1_Handler
                0x0000000000000c4c                NVMCTRL_0_Handler
                0x0000000000000c4c                MCLK_Handler
                0x0000000000000c4c                EVSYS_2_Handler
                0x0000000000000c4c                SUPC_0_Handler
                0x0000000000000c4c                BusFault_Handler
                0x0000000000000c4c                FREQM_Handler
                0x0000000000000c4c                TCC0_3_Handler
                0x0000000000000c4c                DMAC_3_Handler
                0x0000000000000c4c                DebugMonitor_Handler
                0x0000000000000c4c                TCC0_4_Handler
                0x0000000000000c4c                TC5_Handler
                0x0000000000000c4c                AES_Handler
                0x0000000000000c4c                ICM_Handler
 *fill*         0x0000000000000c4e        0x2 
 .text.Reset_Handler
                0x0000000000000c50       0x78 gcc/gcc/startup_same54.o
                0x0000000000000c50                Reset_Handler
 .text.startup.main
                0x0000000000000cc8        0xc main.o
                0x0000000000000cc8                main
 .text._osc32kctrl_init_sources
                0x0000000000000cd4       0x20 hpl/osc32kctrl/hpl_osc32kctrl.o
                0x0000000000000cd4                _osc32kctrl_init_sources
 .text._gpio_set_pin_function
                0x0000000000000cf4       0x4c driver_init.o
 .text.EXTERNAL_IRQ_0_init
                0x0000000000000d40       0x24 driver_init.o
                0x0000000000000d40                EXTERNAL_IRQ_0_init
 .text.USART_0_CLOCK_init
                0x0000000000000d64       0x24 driver_init.o
                0x0000000000000d64                USART_0_CLOCK_init
 .text.USART_0_PORT_init
                0x0000000000000d88       0x24 driver_init.o
                0x0000000000000d88                USART_0_PORT_init
 .text.USART_0_init
                0x0000000000000dac       0x38 driver_init.o
                0x0000000000000dac                USART_0_init
 .text.I2C_0_PORT_init
                0x0000000000000de4       0x40 driver_init.o
                0x0000000000000de4                I2C_0_PORT_init
 .text.I2C_0_CLOCK_init
                0x0000000000000e24       0x24 driver_init.o
                0x0000000000000e24                I2C_0_CLOCK_init
 .text.I2C_0_init
                0x0000000000000e48       0x2c driver_init.o
                0x0000000000000e48                I2C_0_init
 .text.system_init
                0x0000000000000e74       0x60 driver_init.o
                0x0000000000000e74                system_init
 .text.usart_transmission_complete
                0x0000000000000ed4        0xe hal/src/hal_usart_async.o
 .text.usart_error
                0x0000000000000ee2        0xe hal/src/hal_usart_async.o
 .text.usart_fill_rx_buffer
                0x0000000000000ef0       0x20 hal/src/hal_usart_async.o
 .text.usart_async_write
                0x0000000000000f10       0x5c hal/src/hal_usart_async.o
 .text.usart_process_byte_sent
                0x0000000000000f6c       0x34 hal/src/hal_usart_async.o
 .text.usart_async_read
                0x0000000000000fa0       0x70 hal/src/hal_usart_async.o
 .text.usart_async_init
                0x0000000000001010       0x88 hal/src/hal_usart_async.o
                0x0000000000001010                usart_async_init
 .text.process_ext_irq
                0x0000000000001098       0x34 hal/src/hal_ext_irq.o
 .text.ext_irq_init
                0x00000000000010cc       0x20 hal/src/hal_ext_irq.o
                0x00000000000010cc                ext_irq_init
 .text.ringbuffer_init
                0x00000000000010ec       0x3c hal/utils/src/utils_ringbuffer.o
                0x00000000000010ec                ringbuffer_init
 .text.ringbuffer_get
                0x0000000000001128       0x40 hal/utils/src/utils_ringbuffer.o
                0x0000000000001128                ringbuffer_get
 .text.ringbuffer_put
                0x0000000000001168       0x44 hal/utils/src/utils_ringbuffer.o
                0x0000000000001168                ringbuffer_put
 .text.ringbuffer_num
                0x00000000000011ac       0x24 hal/utils/src/utils_ringbuffer.o
                0x00000000000011ac                ringbuffer_num
 .text.atmel_start_init
                0x00000000000011d0        0x8 atmel_start.o
                0x00000000000011d0                atmel_start_init
 .text.hri_tc_wait_for_sync
                0x00000000000011d8        0x8 hpl/tc/hpl_tc.o
 .text.get_tc_index
                0x00000000000011e0       0x50 hpl/tc/hpl_tc.o
 .text._timer_init
                0x0000000000001230      0x148 hpl/tc/hpl_tc.o
                0x0000000000001230                _timer_init
 .text._tc_get_timer
                0x0000000000001378        0x4 hpl/tc/hpl_tc.o
                0x0000000000001378                _tc_get_timer
 .text.TC0_Handler
                0x000000000000137c       0x1c hpl/tc/hpl_tc.o
                0x000000000000137c                TC0_Handler
 .text.atomic_enter_critical
                0x0000000000001398        0xe hal/src/hal_atomic.o
                0x0000000000001398                atomic_enter_critical
 .text.atomic_leave_critical
                0x00000000000013a6        0xc hal/src/hal_atomic.o
                0x00000000000013a6                atomic_leave_critical
 *fill*         0x00000000000013b2        0x2 
 .text.__libc_init_array
                0x00000000000013b4       0x48 /usr/lib/gcc/arm-none-eabi/9.3.0/../../../../arm-none-eabi/lib/thumb/v7e-m/nofp/libc_nano.a(lib_a-init.o)
                0x00000000000013b4                __libc_init_array
 *(.glue_7t)
 .glue_7t       0x00000000000013fc        0x0 linker stubs
 *(.glue_7)
 .glue_7        0x00000000000013fc        0x0 linker stubs
 *(.rodata .rodata* .gnu.linkonce.r.*)
 .rodata.str1.1
                0x00000000000013fc       0x17 hal/src/hal_timer.o
 .rodata.str1.1
                0x0000000000001413       0x1c hal/src/hal_i2c_m_sync.o
 .rodata.str1.1
                0x000000000000142f       0x1e hal/utils/src/utils_list.o
 .rodata.str1.1
                0x000000000000144d       0x1b hpl/sercom/hpl_sercom.o
 .rodata        0x0000000000001468       0x49 hpl/sercom/hpl_sercom.o
 .rodata.str1.1
                0x00000000000014b1       0x1d hal/src/hal_usart_async.o
 .rodata.str1.1
                0x00000000000014ce       0x24 hal/utils/src/utils_ringbuffer.o
 .rodata.str1.1
                0x00000000000014f2       0x13 hpl/tc/hpl_tc.o
 *fill*         0x0000000000001505        0x3 
 .rodata        0x0000000000001508       0x34 hpl/tc/hpl_tc.o
 *(.ARM.extab* .gnu.linkonce.armextab.*)
                0x000000000000153c                . = ALIGN (0x4)
 *(.init)
 .init          0x000000000000153c        0x4 /usr/lib/gcc/arm-none-eabi/9.3.0/thumb/v7e-m/nofp/crti.o
                0x000000000000153c                _init
 .init          0x0000000000001540        0x8 /usr/lib/gcc/arm-none-eabi/9.3.0/thumb/v7e-m/nofp/crtn.o
                0x0000000000001548                . = ALIGN (0x4)
                0x0000000000001548                __preinit_array_start = .
 *(.preinit_array)
                0x0000000000001548                __preinit_array_end = .
                0x0000000000001548                . = ALIGN (0x4)
                0x0000000000001548                __init_array_start = .
 *(SORT_BY_NAME(.init_array.*))
 *(.init_array)
 .init_array    0x0000000000001548        0x4 /usr/lib/gcc/arm-none-eabi/9.3.0/thumb/v7e-m/nofp/crtbegin.o
                0x000000000000154c                __init_array_end = .
                0x000000000000154c                . = ALIGN (0x4)
 *crtbegin.o(.ctors)
 *(EXCLUDE_FILE(*crtend.o) .ctors)
 *(SORT_BY_NAME(.ctors.*))
 *crtend.o(.ctors)
                0x000000000000154c                . = ALIGN (0x4)
 *(.fini)
 .fini          0x000000000000154c        0x4 /usr/lib/gcc/arm-none-eabi/9.3.0/thumb/v7e-m/nofp/crti.o
                0x000000000000154c                _fini
 .fini          0x0000000000001550        0x8 /usr/lib/gcc/arm-none-eabi/9.3.0/thumb/v7e-m/nofp/crtn.o
                0x0000000000001558                . = ALIGN (0x4)
                0x0000000000001558                __fini_array_start = .
 *(.fini_array)
 .fini_array    0x0000000000001558        0x4 /usr/lib/gcc/arm-none-eabi/9.3.0/thumb/v7e-m/nofp/crtbegin.o
 *(SORT_BY_NAME(.fini_array.*))
                0x000000000000155c                __fini_array_end = .
 *crtbegin.o(.dtors)
 *(EXCLUDE_FILE(*crtend.o) .dtors)
 *(SORT_BY_NAME(.dtors.*))
 *crtend.o(.dtors)
                0x000000000000155c                . = ALIGN (0x4)
                0x000000000000155c                _efixed = .
                [!provide]                        PROVIDE (__exidx_start = .)

.vfp11_veneer   0x000000000000155c        0x0
 .vfp11_veneer  0x000000000000155c        0x0 linker stubs

.v4_bx          0x000000000000155c        0x0
 .v4_bx         0x000000000000155c        0x0 linker stubs

.iplt           0x000000000000155c        0x0
 .iplt          0x000000000000155c        0x0 /usr/lib/gcc/arm-none-eabi/9.3.0/thumb/v7e-m/nofp/crtbegin.o

.igot.plt       0x000000000000155c        0x0
 .igot.plt      0x000000000000155c        0x0 /usr/lib/gcc/arm-none-eabi/9.3.0/thumb/v7e-m/nofp/crtbegin.o

.eh_frame       0x000000000000155c        0x0
 .eh_frame      0x000000000000155c        0x0 /usr/lib/gcc/arm-none-eabi/9.3.0/thumb/v7e-m/nofp/crtbegin.o

.rel.dyn        0x000000000000155c        0x0
 .rel.iplt      0x000000000000155c        0x0 /usr/lib/gcc/arm-none-eabi/9.3.0/thumb/v7e-m/nofp/crtbegin.o

.ARM.exidx
 *(.ARM.exidx* .gnu.linkonce.armexidx.*)
                [!provide]                        PROVIDE (__exidx_end = .)
                0x000000000000155c                . = ALIGN (0x4)
                0x000000000000155c                _etext = .

.relocate       0x0000000020000000        0x0 load address 0x000000000000155c
                0x0000000020000000                . = ALIGN (0x4)
                0x0000000020000000                _srelocate = .
 *(.ramfunc .ramfunc.*)
 *(.data .data.*)
                0x0000000020000000                . = ALIGN (0x4)
                0x0000000020000000                _erelocate = .

.bkupram        0x0000000047000000        0x0
                0x0000000047000000                . = ALIGN (0x8)
                0x0000000047000000                _sbkupram = .
 *(.bkupram .bkupram.*)
                0x0000000047000000                . = ALIGN (0x8)
                0x0000000047000000                _ebkupram = .

.qspi           0x0000000004000000        0x0
                0x0000000004000000                . = ALIGN (0x8)
                0x0000000004000000                _sqspi = .
 *(.qspi .qspi.*)
                0x0000000004000000                . = ALIGN (0x8)
                0x0000000004000000                _eqspi = .

.bss            0x0000000020000000       0xd8
                0x0000000020000000                . = ALIGN (0x4)
                0x0000000020000000                _sbss = .
                0x0000000020000000                _szero = .
 *(.bss .bss.*)
 .bss.completed.8914
                0x0000000020000000        0x1 /usr/lib/gcc/arm-none-eabi/9.3.0/thumb/v7e-m/nofp/crtbegin.o
 *fill*         0x0000000020000001        0x3 
 .bss.object.8919
                0x0000000020000004       0x18 /usr/lib/gcc/arm-none-eabi/9.3.0/thumb/v7e-m/nofp/crtbegin.o
 .bss           0x000000002000001c        0x4 hpl/sercom/hpl_sercom.o
 .bss           0x0000000020000020       0x10 driver_init.o
 .bss           0x0000000020000030        0x8 hal/src/hal_ext_irq.o
 .bss           0x0000000020000038        0x4 hpl/tc/hpl_tc.o
 *(COMMON)
 COMMON         0x000000002000003c       0x10 hpl/ramecc/hpl_ramecc.o
                0x000000002000003c                device
 COMMON         0x000000002000004c       0x8c driver_init.o
                0x000000002000004c                USART_0
                0x000000002000009c                I2C_0
                0x00000000200000bc                TIMER_0
                0x00000000200000d8                . = ALIGN (0x4)
                0x00000000200000d8                _ebss = .
                0x00000000200000d8                _ezero = .

.stack          0x00000000200000d8    0x10000
                0x00000000200000d8                . = ALIGN (0x8)
                0x00000000200000d8                _sstack = .
                0x00000000200100d8                . = (. + STACK_SIZE)
 *fill*         0x00000000200000d8    0x10000 
                0x00000000200100d8                . = ALIGN (0x8)
                0x00000000200100d8                _estack = .
                0x00000000200100d8                . = ALIGN (0x4)
                0x00000000200100d8                _end = .
OUTPUT(AtmelStart.elf elf32-littlearm)
LOAD linker stubs

.ARM.attributes
                0x0000000000000000       0x2e
 .ARM.attributes
                0x0000000000000000       0x1e /usr/lib/gcc/arm-none-eabi/9.3.0/thumb/v7e-m/nofp/crti.o
 .ARM.attributes
                0x000000000000001e       0x2e /usr/lib/gcc/arm-none-eabi/9.3.0/thumb/v7e-m/nofp/crtbegin.o
 .ARM.attributes
                0x000000000000004c       0x32 hpl/eic/hpl_eic.o
 .ARM.attributes
                0x000000000000007e       0x32 hal/src/hal_timer.o
 .ARM.attributes
                0x00000000000000b0       0x32 hal/src/hal_i2c_m_sync.o
 .ARM.attributes
                0x00000000000000e2       0x32 hpl/core/hpl_init.o
 .ARM.attributes
                0x0000000000000114       0x32 hpl/ramecc/hpl_ramecc.o
 .ARM.attributes
                0x0000000000000146       0x32 hal/utils/src/utils_list.o
 .ARM.attributes
                0x0000000000000178       0x32 hal/utils/src/utils_assert.o
 .ARM.attributes
                0x00000000000001aa       0x32 hpl/oscctrl/hpl_oscctrl.o
 .ARM.attributes
                0x00000000000001dc       0x32 hpl/mclk/hpl_mclk.o
 .ARM.attributes
                0x000000000000020e       0x32 hpl/sercom/hpl_sercom.o
 .ARM.attributes
                0x0000000000000240       0x32 hpl/gclk/hpl_gclk.o
 .ARM.attributes
                0x0000000000000272       0x32 gcc/gcc/startup_same54.o
 .ARM.attributes
                0x00000000000002a4       0x32 main.o
 .ARM.attributes
                0x00000000000002d6       0x32 hpl/osc32kctrl/hpl_osc32kctrl.o
 .ARM.attributes
                0x0000000000000308       0x32 driver_init.o
 .ARM.attributes
                0x000000000000033a       0x32 hal/src/hal_usart_async.o
 .ARM.attributes
                0x000000000000036c       0x32 hal/src/hal_ext_irq.o
 .ARM.attributes
                0x000000000000039e       0x32 hal/utils/src/utils_ringbuffer.o
 .ARM.attributes
                0x00000000000003d0       0x32 atmel_start.o
 .ARM.attributes
                0x0000000000000402       0x32 hpl/tc/hpl_tc.o
 .ARM.attributes
                0x0000000000000434       0x32 hal/src/hal_atomic.o
 .ARM.attributes
                0x0000000000000466       0x2e /usr/lib/gcc/arm-none-eabi/9.3.0/../../../../arm-none-eabi/lib/thumb/v7e-m/nofp/libc_nano.a(lib_a-init.o)
 .ARM.attributes
                0x0000000000000494       0x1e /usr/lib/gcc/arm-none-eabi/9.3.0/thumb/v7e-m/nofp/crtn.o

.comment        0x0000000000000000       0x1d
 .comment       0x0000000000000000       0x1d hpl/eic/hpl_eic.o
                                         0x1e (size before relaxing)
 .comment       0x000000000000001d       0x1e hal/src/hal_timer.o
 .comment       0x000000000000001d       0x1e hal/src/hal_i2c_m_sync.o
 .comment       0x000000000000001d       0x1e hpl/core/hpl_init.o
 .comment       0x000000000000001d       0x1e hpl/ramecc/hpl_ramecc.o
 .comment       0x000000000000001d       0x1e hal/utils/src/utils_list.o
 .comment       0x000000000000001d       0x1e hal/utils/src/utils_assert.o
 .comment       0x000000000000001d       0x1e hpl/oscctrl/hpl_oscctrl.o
 .comment       0x000000000000001d       0x1e hpl/mclk/hpl_mclk.o
 .comment       0x000000000000001d       0x1e hpl/sercom/hpl_sercom.o
 .comment       0x000000000000001d       0x1e hpl/gclk/hpl_gclk.o
 .comment       0x000000000000001d       0x1e gcc/gcc/startup_same54.o
 .comment       0x000000000000001d       0x1e main.o
 .comment       0x000000000000001d       0x1e hpl/osc32kctrl/hpl_osc32kctrl.o
 .comment       0x000000000000001d       0x1e driver_init.o
 .comment       0x000000000000001d       0x1e hal/src/hal_usart_async.o
 .comment       0x000000000000001d       0x1e hal/src/hal_ext_irq.o
 .comment       0x000000000000001d       0x1e hal/utils/src/utils_ringbuffer.o
 .comment       0x000000000000001d       0x1e atmel_start.o
 .comment       0x000000000000001d       0x1e hpl/tc/hpl_tc.o
 .comment       0x000000000000001d       0x1e hal/src/hal_atomic.o

.debug_info     0x0000000000000000    0x1ea3a
 .debug_info    0x0000000000000000     0x1843 hpl/eic/hpl_eic.o
 .debug_info    0x0000000000001843      0xb87 hal/src/hal_timer.o
 .debug_info    0x00000000000023ca      0x916 hal/src/hal_i2c_m_sync.o
 .debug_info    0x0000000000002ce0      0xbbd hpl/core/hpl_init.o
 .debug_info    0x000000000000389d      0xc57 hpl/ramecc/hpl_ramecc.o
 .debug_info    0x00000000000044f4      0x358 hal/utils/src/utils_list.o
 .debug_info    0x000000000000484c      0x127 hal/utils/src/utils_assert.o
 .debug_info    0x0000000000004973     0x131a hpl/oscctrl/hpl_oscctrl.o
 .debug_info    0x0000000000005c8d      0xa34 hpl/mclk/hpl_mclk.o
 .debug_info    0x00000000000066c1     0xbcb7 hpl/sercom/hpl_sercom.o
 .debug_info    0x0000000000012378      0x605 hpl/gclk/hpl_gclk.o
 .debug_info    0x000000000001297d      0xcb0 gcc/gcc/startup_same54.o
 .debug_info    0x000000000001362d      0x5a8 main.o
 .debug_info    0x0000000000013bd5      0x87e hpl/osc32kctrl/hpl_osc32kctrl.o
 .debug_info    0x0000000000014453     0x565d driver_init.o
 .debug_info    0x0000000000019ab0     0x1357 hal/src/hal_usart_async.o
 .debug_info    0x000000000001ae07      0x3cd hal/src/hal_ext_irq.o
 .debug_info    0x000000000001b1d4      0x32a hal/utils/src/utils_ringbuffer.o
 .debug_info    0x000000000001b4fe      0x5a4 atmel_start.o
 .debug_info    0x000000000001baa2     0x2d8b hpl/tc/hpl_tc.o
 .debug_info    0x000000000001e82d      0x20d hal/src/hal_atomic.o

.debug_abbrev   0x0000000000000000     0x33fb
 .debug_abbrev  0x0000000000000000      0x3fb hpl/eic/hpl_eic.o
 .debug_abbrev  0x00000000000003fb      0x25e hal/src/hal_timer.o
 .debug_abbrev  0x0000000000000659      0x1d2 hal/src/hal_i2c_m_sync.o
 .debug_abbrev  0x000000000000082b      0x20d hpl/core/hpl_init.o
 .debug_abbrev  0x0000000000000a38      0x33c hpl/ramecc/hpl_ramecc.o
 .debug_abbrev  0x0000000000000d74      0x161 hal/utils/src/utils_list.o
 .debug_abbrev  0x0000000000000ed5       0xa6 hal/utils/src/utils_assert.o
 .debug_abbrev  0x0000000000000f7b      0x25e hpl/oscctrl/hpl_oscctrl.o
 .debug_abbrev  0x00000000000011d9      0x1ed hpl/mclk/hpl_mclk.o
 .debug_abbrev  0x00000000000013c6      0x70e hpl/sercom/hpl_sercom.o
 .debug_abbrev  0x0000000000001ad4      0x1eb hpl/gclk/hpl_gclk.o
 .debug_abbrev  0x0000000000001cbf      0x1a7 gcc/gcc/startup_same54.o
 .debug_abbrev  0x0000000000001e66      0x10a main.o
 .debug_abbrev  0x0000000000001f70      0x234 hpl/osc32kctrl/hpl_osc32kctrl.o
 .debug_abbrev  0x00000000000021a4      0x423 driver_init.o
 .debug_abbrev  0x00000000000025c7      0x309 hal/src/hal_usart_async.o
 .debug_abbrev  0x00000000000028d0      0x206 hal/src/hal_ext_irq.o
 .debug_abbrev  0x0000000000002ad6      0x123 hal/utils/src/utils_ringbuffer.o
 .debug_abbrev  0x0000000000002bf9      0x10b atmel_start.o
 .debug_abbrev  0x0000000000002d04      0x578 hpl/tc/hpl_tc.o
 .debug_abbrev  0x000000000000327c      0x17f hal/src/hal_atomic.o

.debug_loc      0x0000000000000000     0xa1c6
 .debug_loc     0x0000000000000000      0x329 hpl/eic/hpl_eic.o
 .debug_loc     0x0000000000000329      0x7e3 hal/src/hal_timer.o
 .debug_loc     0x0000000000000b0c      0x5d7 hal/src/hal_i2c_m_sync.o
 .debug_loc     0x00000000000010e3       0x30 hpl/core/hpl_init.o
 .debug_loc     0x0000000000001113      0x123 hpl/ramecc/hpl_ramecc.o
 .debug_loc     0x0000000000001236      0x1cb hal/utils/src/utils_list.o
 .debug_loc     0x0000000000001401      0x1c4 hpl/oscctrl/hpl_oscctrl.o
 .debug_loc     0x00000000000015c5       0x30 hpl/mclk/hpl_mclk.o
 .debug_loc     0x00000000000015f5     0x6727 hpl/sercom/hpl_sercom.o
 .debug_loc     0x0000000000007d1c       0x7c hpl/gclk/hpl_gclk.o
 .debug_loc     0x0000000000007d98       0xa5 gcc/gcc/startup_same54.o
 .debug_loc     0x0000000000007e3d      0x15e hpl/osc32kctrl/hpl_osc32kctrl.o
 .debug_loc     0x0000000000007f9b      0x567 driver_init.o
 .debug_loc     0x0000000000008502      0xc0d hal/src/hal_usart_async.o
 .debug_loc     0x000000000000910f      0x2ee hal/src/hal_ext_irq.o
 .debug_loc     0x00000000000093fd      0x199 hal/utils/src/utils_ringbuffer.o
 .debug_loc     0x0000000000009596      0xc06 hpl/tc/hpl_tc.o
 .debug_loc     0x000000000000a19c       0x2a hal/src/hal_atomic.o

.debug_aranges  0x0000000000000000      0xa88
 .debug_aranges
                0x0000000000000000       0x38 hpl/eic/hpl_eic.o
 .debug_aranges
                0x0000000000000038       0x70 hal/src/hal_timer.o
 .debug_aranges
                0x00000000000000a8       0x88 hal/src/hal_i2c_m_sync.o
 .debug_aranges
                0x0000000000000130       0x20 hpl/core/hpl_init.o
 .debug_aranges
                0x0000000000000150       0x30 hpl/ramecc/hpl_ramecc.o
 .debug_aranges
                0x0000000000000180       0x48 hal/utils/src/utils_list.o
 .debug_aranges
                0x00000000000001c8       0x20 hal/utils/src/utils_assert.o
 .debug_aranges
                0x00000000000001e8       0x28 hpl/oscctrl/hpl_oscctrl.o
 .debug_aranges
                0x0000000000000210       0x20 hpl/mclk/hpl_mclk.o
 .debug_aranges
                0x0000000000000230      0x528 hpl/sercom/hpl_sercom.o
 .debug_aranges
                0x0000000000000758       0x28 hpl/gclk/hpl_gclk.o
 .debug_aranges
                0x0000000000000780       0x28 gcc/gcc/startup_same54.o
 .debug_aranges
                0x00000000000007a8       0x20 main.o
 .debug_aranges
                0x00000000000007c8       0x20 hpl/osc32kctrl/hpl_osc32kctrl.o
 .debug_aranges
                0x00000000000007e8       0x60 driver_init.o
 .debug_aranges
                0x0000000000000848       0xe0 hal/src/hal_usart_async.o
 .debug_aranges
                0x0000000000000928       0x50 hal/src/hal_ext_irq.o
 .debug_aranges
                0x0000000000000978       0x40 hal/utils/src/utils_ringbuffer.o
 .debug_aranges
                0x00000000000009b8       0x20 atmel_start.o
 .debug_aranges
                0x00000000000009d8       0x80 hpl/tc/hpl_tc.o
 .debug_aranges
                0x0000000000000a58       0x30 hal/src/hal_atomic.o

.debug_ranges   0x0000000000000000     0x16b0
 .debug_ranges  0x0000000000000000       0x58 hpl/eic/hpl_eic.o
 .debug_ranges  0x0000000000000058       0x98 hal/src/hal_timer.o
 .debug_ranges  0x00000000000000f0       0x78 hal/src/hal_i2c_m_sync.o
 .debug_ranges  0x0000000000000168       0x28 hpl/core/hpl_init.o
 .debug_ranges  0x0000000000000190       0x50 hpl/ramecc/hpl_ramecc.o
 .debug_ranges  0x00000000000001e0       0x50 hal/utils/src/utils_list.o
 .debug_ranges  0x0000000000000230       0x10 hal/utils/src/utils_assert.o
 .debug_ranges  0x0000000000000240       0x30 hpl/oscctrl/hpl_oscctrl.o
 .debug_ranges  0x0000000000000270       0x10 hpl/mclk/hpl_mclk.o
 .debug_ranges  0x0000000000000280      0xf48 hpl/sercom/hpl_sercom.o
 .debug_ranges  0x00000000000011c8       0x18 hpl/gclk/hpl_gclk.o
 .debug_ranges  0x00000000000011e0       0x18 gcc/gcc/startup_same54.o
 .debug_ranges  0x00000000000011f8       0x10 main.o
 .debug_ranges  0x0000000000001208       0x10 hpl/osc32kctrl/hpl_osc32kctrl.o
 .debug_ranges  0x0000000000001218      0x1b0 driver_init.o
 .debug_ranges  0x00000000000013c8       0xd0 hal/src/hal_usart_async.o
 .debug_ranges  0x0000000000001498       0x58 hal/src/hal_ext_irq.o
 .debug_ranges  0x00000000000014f0       0x30 hal/utils/src/utils_ringbuffer.o
 .debug_ranges  0x0000000000001520       0x10 atmel_start.o
 .debug_ranges  0x0000000000001530      0x160 hpl/tc/hpl_tc.o
 .debug_ranges  0x0000000000001690       0x20 hal/src/hal_atomic.o

.debug_macro    0x0000000000000000     0xb4fb
 .debug_macro   0x0000000000000000      0x789 hpl/eic/hpl_eic.o
 .debug_macro   0x0000000000000789      0x2e2 hpl/eic/hpl_eic.o
 .debug_macro   0x0000000000000a6b       0x64 hpl/eic/hpl_eic.o
 .debug_macro   0x0000000000000acf       0x18 hpl/eic/hpl_eic.o
 .debug_macro   0x0000000000000ae7       0x35 hpl/eic/hpl_eic.o
 .debug_macro   0x0000000000000b1c       0x34 hpl/eic/hpl_eic.o
 .debug_macro   0x0000000000000b50       0x16 hpl/eic/hpl_eic.o
 .debug_macro   0x0000000000000b66       0x43 hpl/eic/hpl_eic.o
 .debug_macro   0x0000000000000ba9       0x34 hpl/eic/hpl_eic.o
 .debug_macro   0x0000000000000bdd       0x10 hpl/eic/hpl_eic.o
 .debug_macro   0x0000000000000bed       0x58 hpl/eic/hpl_eic.o
 .debug_macro   0x0000000000000c45      0x182 hpl/eic/hpl_eic.o
 .debug_macro   0x0000000000000dc7      0x356 hpl/eic/hpl_eic.o
 .debug_macro   0x000000000000111d       0x10 hpl/eic/hpl_eic.o
 .debug_macro   0x000000000000112d       0x35 hpl/eic/hpl_eic.o
 .debug_macro   0x0000000000001162       0xc9 hpl/eic/hpl_eic.o
 .debug_macro   0x000000000000122b      0x6d2 hal/src/hal_timer.o
 .debug_macro   0x00000000000018fd      0x6c6 hal/src/hal_i2c_m_sync.o
 .debug_macro   0x0000000000001fc3       0x6a hal/src/hal_i2c_m_sync.o
 .debug_macro   0x000000000000202d      0x729 hpl/core/hpl_init.o
 .debug_macro   0x0000000000002756       0x1c hpl/core/hpl_init.o
 .debug_macro   0x0000000000002772      0x185 hpl/core/hpl_init.o
 .debug_macro   0x00000000000028f7       0x2e hpl/core/hpl_init.o
 .debug_macro   0x0000000000002925      0xd7b hpl/core/hpl_init.o
 .debug_macro   0x00000000000036a0       0x28 hpl/core/hpl_init.o
 .debug_macro   0x00000000000036c8       0x34 hpl/core/hpl_init.o
 .debug_macro   0x00000000000036fc      0x6b0 hpl/ramecc/hpl_ramecc.o
 .debug_macro   0x0000000000003dac       0x10 hpl/ramecc/hpl_ramecc.o
 .debug_macro   0x0000000000003dbc      0x695 hal/utils/src/utils_list.o
 .debug_macro   0x0000000000004451      0x690 hal/utils/src/utils_assert.o
 .debug_macro   0x0000000000004ae1      0x69f hpl/oscctrl/hpl_oscctrl.o
 .debug_macro   0x0000000000005180      0x216 hpl/oscctrl/hpl_oscctrl.o
 .debug_macro   0x0000000000005396      0x2f0 hpl/oscctrl/hpl_oscctrl.o
 .debug_macro   0x0000000000005686      0x69a hpl/mclk/hpl_mclk.o
 .debug_macro   0x0000000000005d20      0x8e2 hpl/sercom/hpl_sercom.o
 .debug_macro   0x0000000000006602       0x70 hpl/sercom/hpl_sercom.o
 .debug_macro   0x0000000000006672      0x14d hpl/sercom/hpl_sercom.o
 .debug_macro   0x00000000000067bf       0x10 hpl/sercom/hpl_sercom.o
 .debug_macro   0x00000000000067cf       0x1c hpl/sercom/hpl_sercom.o
 .debug_macro   0x00000000000067eb       0x22 hpl/sercom/hpl_sercom.o
 .debug_macro   0x000000000000680d       0x10 hpl/sercom/hpl_sercom.o
 .debug_macro   0x000000000000681d      0x69f hpl/gclk/hpl_gclk.o
 .debug_macro   0x0000000000006ebc      0x4b2 gcc/gcc/startup_same54.o
 .debug_macro   0x000000000000736e      0x7e2 main.o
 .debug_macro   0x0000000000007b50       0x70 main.o
 .debug_macro   0x0000000000007bc0      0x695 hpl/osc32kctrl/hpl_osc32kctrl.o
 .debug_macro   0x0000000000008255       0x80 hpl/osc32kctrl/hpl_osc32kctrl.o
 .debug_macro   0x00000000000082d5      0x7f1 driver_init.o
 .debug_macro   0x0000000000008ac6      0x6ea hal/src/hal_usart_async.o
 .debug_macro   0x00000000000091b0      0x6ae hal/src/hal_ext_irq.o
 .debug_macro   0x000000000000985e      0x695 hal/utils/src/utils_ringbuffer.o
 .debug_macro   0x0000000000009ef3      0x7e2 atmel_start.o
 .debug_macro   0x000000000000a6d5      0x70d hpl/tc/hpl_tc.o
 .debug_macro   0x000000000000ade2       0x10 hpl/tc/hpl_tc.o
 .debug_macro   0x000000000000adf2       0x83 hpl/tc/hpl_tc.o
 .debug_macro   0x000000000000ae75      0x686 hal/src/hal_atomic.o

.debug_line     0x0000000000000000    0x13c24
 .debug_line    0x0000000000000000      0xce1 hpl/eic/hpl_eic.o
 .debug_line    0x0000000000000ce1      0xdef hal/src/hal_timer.o
 .debug_line    0x0000000000001ad0      0xc95 hal/src/hal_i2c_m_sync.o
 .debug_line    0x0000000000002765      0xaaa hpl/core/hpl_init.o
 .debug_line    0x000000000000320f      0xb4a hpl/ramecc/hpl_ramecc.o
 .debug_line    0x0000000000003d59      0xafc hal/utils/src/utils_list.o
 .debug_line    0x0000000000004855      0x97a hal/utils/src/utils_assert.o
 .debug_line    0x00000000000051cf      0xab2 hpl/oscctrl/hpl_oscctrl.o
 .debug_line    0x0000000000005c81      0x9aa hpl/mclk/hpl_mclk.o
 .debug_line    0x000000000000662b     0x5207 hpl/sercom/hpl_sercom.o
 .debug_line    0x000000000000b832      0xa18 hpl/gclk/hpl_gclk.o
 .debug_line    0x000000000000c24a      0x6cf gcc/gcc/startup_same54.o
 .debug_line    0x000000000000c919      0xb5d main.o
 .debug_line    0x000000000000d476      0xa5c hpl/osc32kctrl/hpl_osc32kctrl.o
 .debug_line    0x000000000000ded2      0xfbd driver_init.o
 .debug_line    0x000000000000ee8f     0x101a hal/src/hal_usart_async.o
 .debug_line    0x000000000000fea9      0xafe hal/src/hal_ext_irq.o
 .debug_line    0x00000000000109a7      0xb22 hal/utils/src/utils_ringbuffer.o
 .debug_line    0x00000000000114c9      0xb4b atmel_start.o
 .debug_line    0x0000000000012014     0x122a hpl/tc/hpl_tc.o
 .debug_line    0x000000000001323e      0x9e6 hal/src/hal_atomic.o

.debug_str      0x0000000000000000   0x119e76
 .debug_str     0x0000000000000000   0x10ac58 hpl/eic/hpl_eic.o
                                     0x10b1ea (size before relaxing)
 .debug_str     0x000000000010ac58      0x3d9 hal/src/hal_timer.o
                                     0x107840 (size before relaxing)
 .debug_str     0x000000000010b031      0x359 hal/src/hal_i2c_m_sync.o
                                     0x10782a (size before relaxing)
 .debug_str     0x000000000010b38a     0x43cc hpl/core/hpl_init.o
                                     0x10b371 (size before relaxing)
 .debug_str     0x000000000010f756      0x9dc hpl/ramecc/hpl_ramecc.o
                                     0x107e7f (size before relaxing)
 .debug_str     0x0000000000110132       0x57 hal/utils/src/utils_list.o
                                     0x106ff3 (size before relaxing)
 .debug_str     0x0000000000110189       0x2a hal/utils/src/utils_assert.o
                                     0x106f49 (size before relaxing)
 .debug_str     0x00000000001101b3     0x1739 hpl/oscctrl/hpl_oscctrl.o
                                     0x108694 (size before relaxing)
 .debug_str     0x00000000001118ec      0x30a hpl/mclk/hpl_mclk.o
                                     0x107534 (size before relaxing)
 .debug_str     0x0000000000111bf6     0x56cc hpl/sercom/hpl_sercom.o
                                     0x10d9c3 (size before relaxing)
 .debug_str     0x00000000001172c2      0x172 hpl/gclk/hpl_gclk.o
                                     0x107c74 (size before relaxing)
 .debug_str     0x0000000000117434      0xbde gcc/gcc/startup_same54.o
                                      0xf157f (size before relaxing)
 .debug_str     0x0000000000118012      0x3b2 main.o
                                     0x108729 (size before relaxing)
 .debug_str     0x00000000001183c4      0x4f1 hpl/osc32kctrl/hpl_osc32kctrl.o
                                     0x107459 (size before relaxing)
 .debug_str     0x00000000001188b5      0x7e5 driver_init.o
                                     0x10a224 (size before relaxing)
 .debug_str     0x000000000011909a      0x261 hal/src/hal_usart_async.o
                                     0x107e1e (size before relaxing)
 .debug_str     0x00000000001192fb       0xad hal/src/hal_ext_irq.o
                                     0x10700c (size before relaxing)
 .debug_str     0x00000000001193a8       0x24 hal/utils/src/utils_ringbuffer.o
                                     0x106fdd (size before relaxing)
 .debug_str     0x00000000001193cc       0x11 atmel_start.o
                                     0x108737 (size before relaxing)
 .debug_str     0x00000000001193dd      0xa36 hpl/tc/hpl_tc.o
                                     0x108da3 (size before relaxing)
 .debug_str     0x0000000000119e13       0x63 hal/src/hal_atomic.o
                                     0x106f39 (size before relaxing)

.debug_frame    0x0000000000000000     0x1bf4
 .debug_frame   0x0000000000000000       0x64 hpl/eic/hpl_eic.o
 .debug_frame   0x0000000000000064      0x158 hal/src/hal_timer.o
 .debug_frame   0x00000000000001bc      0x144 hal/src/hal_i2c_m_sync.o
 .debug_frame   0x0000000000000300       0x2c hpl/core/hpl_init.o
 .debug_frame   0x000000000000032c       0x4c hpl/ramecc/hpl_ramecc.o
 .debug_frame   0x0000000000000378       0x88 hal/utils/src/utils_list.o
 .debug_frame   0x0000000000000400       0x20 hal/utils/src/utils_assert.o
 .debug_frame   0x0000000000000420       0x30 hpl/oscctrl/hpl_oscctrl.o
 .debug_frame   0x0000000000000450       0x20 hpl/mclk/hpl_mclk.o
 .debug_frame   0x0000000000000470     0x1028 hpl/sercom/hpl_sercom.o
 .debug_frame   0x0000000000001498       0x30 hpl/gclk/hpl_gclk.o
 .debug_frame   0x00000000000014c8       0x38 gcc/gcc/startup_same54.o
 .debug_frame   0x0000000000001500       0x28 main.o
 .debug_frame   0x0000000000001528       0x20 hpl/osc32kctrl/hpl_osc32kctrl.o
 .debug_frame   0x0000000000001548       0xf4 driver_init.o
 .debug_frame   0x000000000000163c      0x2b4 hal/src/hal_usart_async.o
 .debug_frame   0x00000000000018f0       0xac hal/src/hal_ext_irq.o
 .debug_frame   0x000000000000199c       0x94 hal/utils/src/utils_ringbuffer.o
 .debug_frame   0x0000000000001a30       0x20 atmel_start.o
 .debug_frame   0x0000000000001a50      0x138 hpl/tc/hpl_tc.o
 .debug_frame   0x0000000000001b88       0x40 hal/src/hal_atomic.o
 .debug_frame   0x0000000000001bc8       0x2c /usr/lib/gcc/arm-none-eabi/9.3.0/../../../../arm-none-eabi/lib/thumb/v7e-m/nofp/libc_nano.a(lib_a-init.o)
